rho row 1/36 complete
rho row 6/36 complete
rho row 4/36 complete
rho row 2/36 complete
rho row 5/36 complete
rho row 3/36 complete
rho row 7/36 complete
rho row 8/36 complete
rho row 9/36 complete
rho row 11/36 complete
rho row 10/36 complete
rho row 12/36 complete
rho row 13/36 complete
rho row 14/36 complete
rho row 18/36 complete
rho row 15/36 complete
rho row 16/36 complete
rho row 17/36 complete
rho row 19/36 complete
rho row 20/36 complete
rho row 21/36 complete
rho row 22/36 complete
rho row 23/36 complete
rho row 24/36 complete
rho row 25/36 complete
rho row 26/36 complete
rho row 27/36 complete
rho row 28/36 complete
rho row 29/36 complete
rho row 30/36 complete
rho row 31/36 complete
rho row 32/36 complete
rho row 33/36 complete
rho row 34/36 complete
rho row 35/36 complete
rho row 36/36 complete
{
  "generator": "Cantera 3.2 gri30 equilibrium at constant internal energy and volume",
  "n_rho": 36,
  "n_energy": 72,
  "rho_bounds_kg_m3": [
    0.02,
    8.0
  ],
  "energy_bounds_j_kg": [
    -10780000.0,
    12000000.0
  ],
  "of_ratio": 3.2,
  "equivalence_ratio": 1.25,
  "temperature_range_k": [
    272.4588670795575,
    5502.123642378062
  ],
  "pressure_range_pa": [
    1751.9195427841532,
    25990978.517114025
  ],
  "entropy_range_j_kg_k": [
    7125.053470223641,
    19287.281281501742
  ],
  "max_temperature_reconstruction_relative_error": 2.220446049250313e-16,
  "max_pressure_reconstruction_relative_error": 4.440892098500626e-16,
  "mixed_derivative_mismatch_percentiles": [
    2.1628998424026672e-05,
    5.873853549999419e-05,
    2.0,
    2.0
  ],
  "sound_speed_squared_min": 115553.58178219841,
  "nonpositive_sound_speed_squared_points": 0,
  "limitations": [
    "Prototype gaseous-equilibrium table; NASA CEA remains the reference calculation.",
    "GRI-Mech thermodynamics omit condensed phases and do not represent ambient air.",
    "Do not use outside the tabulated rho-e rectangle."
  ]
}
