
 problem rocket equilibrium
   p,bar=215.67817994
   o/f=3.97844274
   supar=33.36993964
 reactant
   fuel CH4(L) wt%=100 t(k)=111.66
   oxid O2(L) wt%=100 t(k)=90.17
 output massf trace=1e-8
 end

THEORETICAL ROCKET PERFORMANCE ASSUMING EQUILIBRIUM
COMPOSITION DURING EXPANSION FROM INFINITE AREA COMBUSTOR
 
Pc = 215.68 bar
 
supar =    33.3699
 
 
            REACTANT     MOLES    ENERGY      TEMP
                                  KJ/MOL         K
     CH4(L)            100.000  -89233.000    111.66
     O2(L)             100.000  -12979.000     90.17
 
O/F =    3.97844    % Fuel =  20.08660    r, Eq. Ratio =  1.00272    phi, Eq. Ratio =  1.00272
 

                        CHAMBER       THROAT         EXIT
 Pinf/P                  1.0000       1.7272      278.716
 P, bar                215.6782     124.8702       0.7738
 T, K                   3716.44      3534.81      2266.80
 Density, kg/m^3      0.1634E+2    0.1007E+2    0.1071E+0
 H, kJ/kg             -1441.413    -2140.568    -6995.830
 U, kJ/kg             -2761.490    -3380.290    -7718.431
 G, kJ/kg             -43248.79    -41904.67    -32495.81
 S, kJ/kg-K              11.249       11.249       11.249
 
 M, (1/n)               23.4080      23.7071      26.0827
 (dln(V)/dln(P))t       -1.0390      -1.0357      -1.0072
 (dln(V)/dln(T))p        1.6722       1.6486       1.2095
 Cp, kJ/(kg-K)           6.3876       6.3918       4.0402
 Gamma_s                 1.1318       1.1279       1.1213
 Son. Vel., m/s         1222.32      1182.51       900.14
 Mach                    0.0000       1.0000       3.7027
 
 PERFORMANCE PARAMETERS
 
 Ae/At                                1.0000      33.3699
 C*, m/s                             1810.80      1810.80
 Cf                                   0.6530       1.8406
 Ivac, m/s                           2230.89      3549.79
 Isp, m/s                            1182.50      3332.99
 
MASS FRACTIONS
 
 CO                    0.151008     0.138449     0.028762
 CO2                   0.313675     0.333451     0.505848
 COOH                  6.124E-5     3.531E-5     7.227E-8
 H                     5.746E-4     4.867E-4     3.641E-5
 H2                    0.003752     0.003403     8.008E-4
 H2O                   0.380256     0.388334     0.440225
 H2O2                  1.071E-4     6.703E-5     3.579E-7
 HCHO,formaldehy       6.486E-7     3.131E-7     1.01E-10
 HCO                   1.889E-5     9.785E-6     4.472E-9
 HCOOH                 1.038E-5     5.621E-6     8.845E-9
 HO2                   5.739E-4     3.846E-4     3.025E-6
 O                     0.009298     0.007656     3.400E-4
 O2                    0.080289     0.075062     0.017514
 O3                    2.343E-6     1.179E-6     4.71E-10
 OH                    0.060372     0.052653     0.006470

PRODUCTS WHICH WERE CONSIDERED BUT WHOSE MASS FRACTIONS
WERE LESS THAN 1.000000E-08 FOR ALL ASSIGNED CONDITIONS

 (CH3COOH)2      (HCOOH)2        C               C10H21,n-decyl  C10H8,naphthale
 C12H10,biphenyl C12H9,o-bipheny C2              C2H             C2H2,acetylene 
 C2H2,vinylidene C2H3,vinyl      C2H4            C2H4O,ethylen-o C2H5           
 C2H5OH          C2H6            C2O             C3              C3H3,1-propynl 
 C3H3,2-propynl  C3H4,allene     C3H4,cyclo-     C3H4,propyne    C3H5,allyl     
 C3H6,cyclo-     C3H6,propylene  C3H6O,acetone   C3H6O,propanal  C3H6O,propylox 
 C3H7,i-propyl   C3H7,n-propyl   C3H8            C3H8O,1propanol C3H8O,2propanol
 C3O2            C4              C4H10,isobutane C4H10,n-butane  C4H2,butadiyne 
 C4H4,1,3-cyclo- C4H6,1butyne    C4H6,2butyne    C4H6,butadiene  C4H6,cyclo-    
 C4H8,1-butene   C4H8,cis2-buten C4H8,cyclo-     C4H8,isobutene  C4H8,tr2-butene
 C4H9,i-butyl    C4H9,n-butyl    C4H9,s-butyl    C4H9,t-butyl    C5             
 C5H10,1-pentene C5H10,cyclo-    C5H11,pentyl    C5H11,t-pentyl  C5H12,i-pentane
 C5H12,n-pentane C5H6,1,3cyclo-  C5H8,cyclo-     C6H10,cyclo-    C6H12,1-hexene 
 C6H12,cyclo-    C6H13,n-hexyl   C6H14,n-hexane  C6H2            C6H5,phenyl    
 C6H5O,phenoxy   C6H5OH,phenol   C6H6            C7H14,1-heptene C7H15,n-heptyl 
 C7H16,2-methylh C7H16,n-heptane C7H7,benzyl     C7H8            C7H8O,cresol-mx
 C8H10,ethylbenz C8H16,1-octene  C8H17,n-octyl   C8H18,isooctane C8H18,n-octane 
 C8H8,styrene    C9H19,n-nonyl   CH              CH2             CH2CO,ketene   
 CH2OH           CH3             CH3C(CH3)2CH3   CH3CHO,ethanal  CH3CO,acetyl   
 CH3COOH         CH3O            CH3O2CH3        CH3OCH3         CH3OH          
 CH3OOH          CH4             HCCO            HO(CO)2OH       O(CH)2O        
 OHCH2COOH       C(gr)           H2O(L)          H2O(cr)        

NOTE. WEIGHT FRACTION OF FUEL IN TOTAL FUELS AND OF OXIDANT IN TOTAL OXIDANTS

