
 problem rocket equilibrium
   p,bar=257.78295708
   o/f=3.89182431
   supar=27.24444001
 reactant
   fuel CH4(L) wt%=100 t(k)=111.66
   oxid O2(L) wt%=100 t(k)=90.17
 output massf trace=1e-8
 end

THEORETICAL ROCKET PERFORMANCE ASSUMING EQUILIBRIUM
COMPOSITION DURING EXPANSION FROM INFINITE AREA COMBUSTOR
 
Pc = 257.78 bar
 
supar =    27.2444
 
 
            REACTANT     MOLES    ENERGY      TEMP
                                  KJ/MOL         K
     CH4(L)            100.000  -89233.000    111.66
     O2(L)             100.000  -12979.000     90.17
 
O/F =    3.89182    % Fuel =  20.44227    r, Eq. Ratio =  1.02504    phi, Eq. Ratio =  1.02504
 

                        CHAMBER       THROAT         EXIT
 Pinf/P                  1.0000       1.7278      219.425
 P, bar                257.7830     149.1964       1.1748
 T, K                   3744.39      3559.30      2315.08
 Density, kg/m^3      0.1927E+2    0.1188E+2    0.1575E+0
 H, kJ/kg             -1459.754    -2168.386    -6897.690
 U, kJ/kg             -2797.183    -3423.843    -7643.791
 G, kJ/kg             -43601.89    -42227.36    -32953.27
 S, kJ/kg-K              11.255       11.255       11.255
 
 M, (1/n)               23.2781      23.5722      25.7991
 (dln(V)/dln(P))t       -1.0382      -1.0349      -1.0070
 (dln(V)/dln(T))p        1.6533       1.6295       1.1983
 Cp, kJ/(kg-K)           6.2823       6.2833       3.9423
 Gamma_s                 1.1328       1.1289       1.1241
 Son. Vel., m/s         1230.84      1190.49       915.80
 Mach                    0.0000       1.0000       3.6011
 
 PERFORMANCE PARAMETERS
 
 Ae/At                                1.0000      27.2444
 C*, m/s                             1822.10      1822.10
 Cf                                   0.6534       1.8099
 Ivac, m/s                           2245.06      3524.10
 Isp, m/s                            1190.49      3297.86
 
MASS FRACTIONS
 
 CO                    0.157827     0.145336     0.041283
 CO2                   0.312699     0.332377     0.495931
 COOH                  7.163E-5     4.132E-5     1.269E-7
 H                     5.746E-4     4.869E-4     4.589E-5
 H2                    0.003988     0.003632     0.001154
 H2O                   0.387086     0.395216     0.445169
 H2O2                  1.141E-4     7.087E-5     3.795E-7
 HCHO,formaldehy       8.577E-7     4.173E-7     3.13E-10
 HCO                   2.303E-5     1.199E-5     1.117E-8
 HCOOH                 1.315E-5     7.146E-6     1.919E-8
 HO2                   5.637E-4     3.739E-4     2.571E-6
 O                     0.008474     0.006923     2.786E-4
 O2                    0.069993     0.064651     0.010029
 O3                    2.180E-6     1.074E-6     2.96E-10
 OH                    0.058570     0.050872     0.006106

PRODUCTS WHICH WERE CONSIDERED BUT WHOSE MASS FRACTIONS
WERE LESS THAN 1.000000E-08 FOR ALL ASSIGNED CONDITIONS

 (CH3COOH)2      (HCOOH)2        C               C10H21,n-decyl  C10H8,naphthale
 C12H10,biphenyl C12H9,o-bipheny C2              C2H             C2H2,acetylene 
 C2H2,vinylidene C2H3,vinyl      C2H4            C2H4O,ethylen-o C2H5           
 C2H5OH          C2H6            C2O             C3              C3H3,1-propynl 
 C3H3,2-propynl  C3H4,allene     C3H4,cyclo-     C3H4,propyne    C3H5,allyl     
 C3H6,cyclo-     C3H6,propylene  C3H6O,acetone   C3H6O,propanal  C3H6O,propylox 
 C3H7,i-propyl   C3H7,n-propyl   C3H8            C3H8O,1propanol C3H8O,2propanol
 C3O2            C4              C4H10,isobutane C4H10,n-butane  C4H2,butadiyne 
 C4H4,1,3-cyclo- C4H6,1butyne    C4H6,2butyne    C4H6,butadiene  C4H6,cyclo-    
 C4H8,1-butene   C4H8,cis2-buten C4H8,cyclo-     C4H8,isobutene  C4H8,tr2-butene
 C4H9,i-butyl    C4H9,n-butyl    C4H9,s-butyl    C4H9,t-butyl    C5             
 C5H10,1-pentene C5H10,cyclo-    C5H11,pentyl    C5H11,t-pentyl  C5H12,i-pentane
 C5H12,n-pentane C5H6,1,3cyclo-  C5H8,cyclo-     C6H10,cyclo-    C6H12,1-hexene 
 C6H12,cyclo-    C6H13,n-hexyl   C6H14,n-hexane  C6H2            C6H5,phenyl    
 C6H5O,phenoxy   C6H5OH,phenol   C6H6            C7H14,1-heptene C7H15,n-heptyl 
 C7H16,2-methylh C7H16,n-heptane C7H7,benzyl     C7H8            C7H8O,cresol-mx
 C8H10,ethylbenz C8H16,1-octene  C8H17,n-octyl   C8H18,isooctane C8H18,n-octane 
 C8H8,styrene    C9H19,n-nonyl   CH              CH2             CH2CO,ketene   
 CH2OH           CH3             CH3C(CH3)2CH3   CH3CHO,ethanal  CH3CO,acetyl   
 CH3COOH         CH3O            CH3O2CH3        CH3OCH3         CH3OH          
 CH3OOH          CH4             HCCO            HO(CO)2OH       O(CH)2O        
 OHCH2COOH       C(gr)           H2O(L)          H2O(cr)        

NOTE. WEIGHT FRACTION OF FUEL IN TOTAL FUELS AND OF OXIDANT IN TOTAL OXIDANTS

