
 problem rocket equilibrium
   p,bar=230.35948907
   o/f=3.53486620
   supar=41.93151237
 reactant
   fuel CH4(L) wt%=100 t(k)=111.66
   oxid O2(L) wt%=100 t(k)=90.17
 output massf trace=1e-8
 end

THEORETICAL ROCKET PERFORMANCE ASSUMING EQUILIBRIUM
COMPOSITION DURING EXPANSION FROM INFINITE AREA COMBUSTOR
 
Pc = 230.36 bar
 
supar =    41.9315
 
 
            REACTANT     MOLES    ENERGY      TEMP
                                  KJ/MOL         K
     CH4(L)            100.000  -89233.000    111.66
     O2(L)             100.000  -12979.000     90.17
 
O/F =    3.53487    % Fuel =  22.05137    r, Eq. Ratio =  1.12855    phi, Eq. Ratio =  1.12855
 

                        CHAMBER       THROAT         EXIT
 Pinf/P                  1.0000       1.7293      412.844
 P, bar                230.3595     133.2064       0.5580
 T, K                   3722.25      3533.67      1895.24
 Density, kg/m^3      0.1666E+2    0.1027E+2    0.8585E-1
 H, kJ/kg             -1542.730    -2276.326    -7515.489
 U, kJ/kg             -2925.720    -3573.205    -8165.459
 G, kJ/kg             -44718.40    -43264.55    -29499.02
 S, kJ/kg-K              11.599       11.599       11.599
 
 M, (1/n)               22.3781      22.6549      24.2441
 (dln(V)/dln(P))t       -1.0353      -1.0313      -1.0001
 (dln(V)/dln(T))p        1.6057       1.5678       1.0041
 Cp, kJ/(kg-K)           6.2188       6.1197       2.1694
 Gamma_s                 1.1347       1.1313       1.1894
 Son. Vel., m/s         1252.72      1211.28       879.26
 Mach                    0.0000       1.0000       3.9309
 
 PERFORMANCE PARAMETERS
 
 Ae/At                                1.0000      41.9315
 C*, m/s                             1851.56      1851.56
 Cf                                   0.6542       1.8667
 Ivac, m/s                           2281.95      3644.29
 Isp, m/s                            1211.28      3456.23
 
MASS FRACTIONS
 
 CO                    0.202717     0.191158     0.109064
 CO2                   0.286294     0.304515     0.433577
 COOH                  7.158E-5     4.141E-5     1.943E-8
 H                     7.227E-4     6.128E-4     1.023E-5
 H2                    0.005921     0.005527     0.004776
 H2O                   0.408288     0.417088     0.452399
 H2O2                  7.972E-5     4.742E-5     1.470E-9
 HCHO,formaldehy       1.403E-6     7.157E-7     1.564E-9
 HCO                   3.244E-5     1.735E-5     7.022E-9
 HCOOH                 1.528E-5     8.496E-6     2.491E-8
 HO2                   3.390E-4     2.111E-4     1.319E-9
 O                     0.006358     0.004939     4.486E-7
 O2                    0.037351     0.032022     4.151E-6
 O3                    7.586E-7     3.310E-7     2.99E-16
 OH                    0.051809     0.043812     1.692E-4

PRODUCTS WHICH WERE CONSIDERED BUT WHOSE MASS FRACTIONS
WERE LESS THAN 1.000000E-08 FOR ALL ASSIGNED CONDITIONS

 (CH3COOH)2      (HCOOH)2        C               C10H21,n-decyl  C10H8,naphthale
 C12H10,biphenyl C12H9,o-bipheny C2              C2H             C2H2,acetylene 
 C2H2,vinylidene C2H3,vinyl      C2H4            C2H4O,ethylen-o C2H5           
 C2H5OH          C2H6            C2O             C3              C3H3,1-propynl 
 C3H3,2-propynl  C3H4,allene     C3H4,cyclo-     C3H4,propyne    C3H5,allyl     
 C3H6,cyclo-     C3H6,propylene  C3H6O,acetone   C3H6O,propanal  C3H6O,propylox 
 C3H7,i-propyl   C3H7,n-propyl   C3H8            C3H8O,1propanol C3H8O,2propanol
 C3O2            C4              C4H10,isobutane C4H10,n-butane  C4H2,butadiyne 
 C4H4,1,3-cyclo- C4H6,1butyne    C4H6,2butyne    C4H6,butadiene  C4H6,cyclo-    
 C4H8,1-butene   C4H8,cis2-buten C4H8,cyclo-     C4H8,isobutene  C4H8,tr2-butene
 C4H9,i-butyl    C4H9,n-butyl    C4H9,s-butyl    C4H9,t-butyl    C5             
 C5H10,1-pentene C5H10,cyclo-    C5H11,pentyl    C5H11,t-pentyl  C5H12,i-pentane
 C5H12,n-pentane C5H6,1,3cyclo-  C5H8,cyclo-     C6H10,cyclo-    C6H12,1-hexene 
 C6H12,cyclo-    C6H13,n-hexyl   C6H14,n-hexane  C6H2            C6H5,phenyl    
 C6H5O,phenoxy   C6H5OH,phenol   C6H6            C7H14,1-heptene C7H15,n-heptyl 
 C7H16,2-methylh C7H16,n-heptane C7H7,benzyl     C7H8            C7H8O,cresol-mx
 C8H10,ethylbenz C8H16,1-octene  C8H17,n-octyl   C8H18,isooctane C8H18,n-octane 
 C8H8,styrene    C9H19,n-nonyl   CH              CH2             CH2CO,ketene   
 CH2OH           CH3             CH3C(CH3)2CH3   CH3CHO,ethanal  CH3CO,acetyl   
 CH3COOH         CH3O            CH3O2CH3        CH3OCH3         CH3OH          
 CH3OOH          CH4             HCCO            HO(CO)2OH       O(CH)2O        
 OHCH2COOH       C(gr)           H2O(L)          H2O(cr)        

NOTE. WEIGHT FRACTION OF FUEL IN TOTAL FUELS AND OF OXIDANT IN TOTAL OXIDANTS

