WARNING: Setting WINDOW_START_ITER = RESTART_ITER for meaningful running average.

-------------------------------------------------------------------------
|    ___ _   _ ___                                                      |
|   / __| | | |_  )   Release 8.5.0 "Harrier"                           |
|   \__ \ |_| |/ /                                                      |
|   |___/\___//___|   Suite (Computational Fluid Dynamics Code)         |
|                                                                       |
-------------------------------------------------------------------------
| SU2 Project Website: https://su2code.github.io                        |
|                                                                       |
| The SU2 Project is maintained by the SU2 Foundation                   |
| (http://su2foundation.org)                                            |
-------------------------------------------------------------------------
| Copyright 2012-2026, SU2 Contributors                                 |
|                                                                       |
| SU2 is free software; you can redistribute it and/or                  |
| modify it under the terms of the GNU Lesser General Public            |
| License as published by the Free Software Foundation; either          |
| version 2.1 of the License, or (at your option) any later version.    |
|                                                                       |
| SU2 is distributed in the hope that it will be useful,                |
| but WITHOUT ANY WARRANTY; without even the implied warranty of        |
| MERCHANTABILITY or FITNESS FOR A PARTICULAR PURPOSE. See the GNU      |
| Lesser General Public License for more details.                       |
|                                                                       |
| You should have received a copy of the GNU Lesser General Public      |
| License along with SU2. If not, see <http://www.gnu.org/licenses/>.   |
-------------------------------------------------------------------------
WARNING: Setting WINDOW_START_ITER = RESTART_ITER for meaningful running average.

Parsing config file for zone 0
WARNING: Setting WINDOW_START_ITER = RESTART_ITER for meaningful running average.

----------------- Physical Case Definition ( Zone 0 ) -------------------
Compressible RANS equations.
Turbulence model: Menter's k-omega SST-2003m with compressibility correction of Sarkar
using default hard coded lower limit clipping.
Hybrid RANS/LES: No Hybrid RANS/LES
Mach number: 0.001.
Angle of attack (AoA): 0 deg, and angle of sideslip (AoS): 0 deg.
Reynolds number: 0. Reference length 1.
Reading and writing binary SU2 native restart files.
Read flow solution from: restart_npr20_relax_SLAU2_dt025.
Dimensional simulation.
The reference area is 1 m^2.
The semi-span will be computed using the max y(3D) value.
The reference length is 1 m.
Reference origin for moment evaluation is (0, 0, 0).
Surface(s) where the force coefficients are evaluated: WALL.

Surface(s) plotted in the output file: WALL.
Input mesh file name: ../../ambient_mesh/hybrid_pilot/dlr_par_hybrid.su2

--------------- Space Numerical Integration ( Zone 0 ) ------------------
Simple Low-Dissipation AUSM 2 solver for the flow inviscid terms.
Standard Roe without low-dissipation function.
Second order integration in space, with slope limiter.
Venkatakrishnan-Wang slope-limiting method, with constant: 0.001.
Scalar upwind solver for the turbulence model.
First order integration in space.
Average of gradients with correction (viscous flow terms).
Average of gradients with correction (viscous turbulence terms).
Gradient for upwind reconstruction: inverse-distance weighted Least-Squares.
Gradient for viscous and source terms: inverse-distance weighted Least-Squares.

--------------- Time Numerical Integration  ( Zone 0 ) ------------------
Unsteady simulation, dual time stepping strategy (second order in time).
Unsteady time step provided by the user (s): 2.5e-08.
Euler implicit method for the flow equations.
FGMRES is used for solving the linear system.
Using a ILU(0) preconditioning.
Convergence criteria of the linear solver: 0.0001.
Max number of linear iterations: 10.
No CFL adaptation.
Courant-Friedrichs-Lewy number:        2
Euler implicit time integration for the turbulence model.

------------------ Convergence Criteria  ( Zone 0 ) ---------------------
Maximum number of solver subiterations: 50.
Maximum number of physical time-steps: 521.
Begin convergence monitoring at iteration 5.
Residual minimum value: 1e-12.
Cauchy series min. value: 1e-10.
Number of Cauchy elements: 100.
Begin windowed time average at iteration 501.

-------------------- Output Information ( Zone 0 ) ----------------------
File writing frequency: 
+------------------------------------+
|                     File| Frequency|
+------------------------------------+
|                  RESTART|        20|
|           PARAVIEW_ASCII|        20|
|   SURFACE_PARAVIEW_ASCII|        20|
|              SURFACE_CSV|        20|
+------------------------------------+
Writing the convergence history file every 1 inner iterations.
Writing the convergence history file every 1 time iterations.
Writing the screen convergence history every 25 inner iterations.
Writing the screen convergence history every 1 time iterations.
The tabular file format is CSV (.csv).
Convergence history file name: history_npr20_cfl2_inner50_from500.
Forces breakdown file name: forces_breakdown.dat.
Surface file name: wall_npr20_cfl2_inner50_from500.
Volume file name: flow_npr20_cfl2_inner50_from500.
Restart file name: restart_npr20_cfl2_inner50_from500.

------------- Config File Boundary Information ( Zone 0 ) ---------------
+-----------------------------------------------------------------------+
|                        Marker Type|                        Marker Name|
+-----------------------------------------------------------------------+
|                          Far-field|                           FARFIELD|
+-----------------------------------------------------------------------+
|                     Symmetry plane|                               AXIS|
+-----------------------------------------------------------------------+
|                   Riemann boundary|                              INLET|
+-----------------------------------------------------------------------+
|                     Heat flux wall|                               WALL|
+-----------------------------------------------------------------------+

-------------------- Output Preprocessing ( Zone 0 ) --------------------

WARNING: SURFACE_PRESSURE_DROP can only be computed for at least 2 surfaces (outlet, inlet, ...)

Screen output fields: TIME_ITER, INNER_ITER, RMS_DENSITY, RMS_ENERGY, RMS_TKE, RMS_DISSIPATION
History output group(s): ITER, CUR_TIME, RMS_RES
Convergence field(s): RMS_DENSITY
Warning: No (valid) fields chosen for time convergence monitoring. Time convergence monitoring inactive.
Volume output fields: COORDINATES, SOLUTION, PRIMITIVE

------------------- Geometry Preprocessing ( Zone 0 ) -------------------
Two dimensional problem.
208430 grid points before partitioning.
311958 volume elements before partitioning.
4 surface markers.
800 boundary elements in index 0 (Marker = WALL).
128 boundary elements in index 1 (Marker = INLET).
1261 boundary elements in index 2 (Marker = AXIS).
311 boundary elements in index 3 (Marker = FARFIELD).
Executing the partitioning functions.
Building the graph adjacency structure.
Calling ParMETIS... graph partitioning complete (1583 edge cuts).
Distributing ParMETIS coloring.
Rebalancing vertices.
Rebalancing volume element connectivity.
Rebalancing markers and surface elements.
210382 vertices including ghost points. 
313537 interior elements including halo cells. 
210774 triangles.
102763 quadrilaterals.
Establishing MPI communication patterns.
Setting point connectivity.
Renumbering points (Reverse Cuthill McKee Ordering).
Recomputing point connectivity.
Setting element connectivity.
Checking the numerical grid orientation.
All volume elements are correctly oriented.
All surface elements are correctly oriented.
Identifying edges and vertices.
Setting the control volume structure.
Area of the computational grid: 0.61267.
Searching for the closest normal neighbors to the surfaces.
Storing a mapping from global to local point index.
Compute the surface curvature.
Max K: 10069.8. Mean K: 21.6169. Standard deviation K: 398.532.
Computing mesh quality statistics for the dual control volumes.
+--------------------------------------------------------------+
|           Mesh Quality Metric|        Minimum|        Maximum|
+--------------------------------------------------------------+
|    Orthogonality Angle (deg.)|        45.8271|             90|
|     CV Face Area Aspect Ratio|              1|        681.684|
|           CV Sub-Volume Ratio|              1|        227.251|
+--------------------------------------------------------------+
Finding max control volume width.
Communicating number of neighbors.
Wetted area = 0.03293 m^2.
Area projection in the x-plane = 0.00999917 m, y-plane = 0.1477 m.
Max. coordinate in the x-direction = 0.12502 m, y-direction = 0.0547723 m.
Min. coordinate in the x-direction = -0.02268 m, y-direction = 0.0100004 m.
Computing wall distances.

-------------------- Solver Preprocessing ( Zone 0 ) --------------------
Viscous flow: Computing pressure using the ideal gas law
based on the free-stream temperature and a density computed
from the Reynolds number.
Force coefficients computed using free-stream values.

-- Models:
+------------------------------------------------------------------------------+
|          Viscosity Model|        Conductivity Model|              Fluid Model|
+------------------------------------------------------------------------------+
|               SUTHERLAND|          CONSTANT_PRANDTL|                IDEAL_GAS|
+------------------------------------------------------------------------------+
-- Fluid properties:
+------------------------------------------------------------------------------+
|                  Name|    Dim. value|    Ref. value|      Unit|Non-dim. value|
+------------------------------------------------------------------------------+
|        Ref. Viscosity|    0.00010707|             1|   N.s/m^2|    0.00010707|
|      Sutherland Temp.|       3312.09|             1|         K|       3312.09|
|     Sutherland Const.|       683.036|             1|         K|       683.036|
+------------------------------------------------------------------------------+
|        Prandtl (Lam.)|             -|             -|         -|        0.6738|
|       Prandtl (Turb.)|             -|             -|         -|           0.9|
+------------------------------------------------------------------------------+
|          Gas Constant|         390.6|             1|  N.m/kg.K|         390.6|
|      Spec. Heat Ratio|             -|             -|         -|       1.19829|
+------------------------------------------------------------------------------+
-- Initial and free-stream conditions:
+------------------------------------------------------------------------------+
|                  Name|    Dim. value|    Ref. value|      Unit|Non-dim. value|
+------------------------------------------------------------------------------+
|       Static Pressure|        260000|             1|        Pa|        260000|
|               Density|       2.21881|             1|    kg/m^3|       2.21881|
|           Temperature|           300|             1|         K|           300|
|          Total Energy|        590940|             1|   m^2/s^2|        590940|
|            Velocity-X|      0.374721|             1|       m/s|      0.374721|
|            Velocity-Y|             0|             1|       m/s|             0|
|    Velocity Magnitude|      0.374721|             1|       m/s|      0.374721|
+------------------------------------------------------------------------------+
|             Viscosity|    1.1862e-05|             1|   N.s/m^2|    1.1862e-05|
|          Conductivity|             -|             1|   W/m^2.K|             -|
|     Turb. Kin. Energy|   2.10624e-05|             1|   m^2/s^2|   2.10624e-05|
|     Spec. Dissipation|      0.393977|             1|       1/s|      0.393977|
+------------------------------------------------------------------------------+
|           Mach Number|             -|             -|         -|         0.001|
|       Reynolds Number|             -|             -|         -|       70092.4|
+------------------------------------------------------------------------------+
-- Unsteady conditions
+------------------------------------------------------------------------------+
|                  Name|    Dim. value|    Ref. value|      Unit|Non-dim. value|
+------------------------------------------------------------------------------+
|            Total Time|             1|             1|         s|             1|
|             Time Step|       2.5e-08|             1|         s|       2.5e-08|
+------------------------------------------------------------------------------+
Initialize Jacobian structure (Navier-Stokes). MG level: 0.
Initialize Jacobian structure (SST model).

------------------- Numerics Preprocessing ( Zone 0 ) -------------------

----------------- Integration Preprocessing ( Zone 0 ) ------------------

------------------- Iteration Preprocessing ( Zone 0 ) ------------------
Euler/Navier-Stokes/RANS fluid iteration.

------------------------------ Begin Solver -----------------------------

Simulation Run using the Single-zone Driver
The simulation will run for 20 time steps.
+-----------------------------------------------------------------------------+
|   Time_Iter|  Inner_Iter|    rms[Rho]|   rms[RhoE]|      rms[k]|      rms[w]|
+-----------------------------------------------------------------------------+
|         501|           0|   -1.498060|    4.585747|    2.407833|    6.676881|
|         501|          25|   -4.443951|    2.540105|    0.072876|    6.891633|
|         501|          49|   -4.504591|    2.486607|   -0.028037|    6.886051|
+-----------------------------------------------------------------------------+
|   Time_Iter|  Inner_Iter|    rms[Rho]|   rms[RhoE]|      rms[k]|      rms[w]|
+-----------------------------------------------------------------------------+
|         502|           0|   -1.498104|    4.587825|    2.408874|    6.890855|
|         502|          25|   -4.440844|    2.530743|   -0.016015|    6.766082|
|         502|          49|   -4.492132|    2.496488|   -0.185340|    6.769269|
+-----------------------------------------------------------------------------+
|   Time_Iter|  Inner_Iter|    rms[Rho]|   rms[RhoE]|      rms[k]|      rms[w]|
+-----------------------------------------------------------------------------+
|         503|           0|   -1.498158|    4.589620|    2.409208|    6.776581|
|         503|          25|   -4.438790|    2.528126|   -0.024919|    6.799448|
|         503|          49|   -4.491771|    2.496134|   -0.174272|    6.796561|
+-----------------------------------------------------------------------------+
|   Time_Iter|  Inner_Iter|    rms[Rho]|   rms[RhoE]|      rms[k]|      rms[w]|
+-----------------------------------------------------------------------------+
|         504|           0|   -1.498249|    4.588846|    2.409210|    6.803520|
|         504|          25|   -4.443583|    2.520749|   -0.055445|    6.819058|
|         504|          49|   -4.499336|    2.489019|   -0.174792|    6.810213|
+-----------------------------------------------------------------------------+
|   Time_Iter|  Inner_Iter|    rms[Rho]|   rms[RhoE]|      rms[k]|      rms[w]|
+-----------------------------------------------------------------------------+
|         505|           0|   -1.498349|    4.585800|    2.409103|    6.817279|
|         505|          25|   -4.456606|    2.505421|   -0.091762|    6.823347|
|         505|          49|   -4.517895|    2.470699|   -0.170758|    6.801252|
+-----------------------------------------------------------------------------+
|   Time_Iter|  Inner_Iter|    rms[Rho]|   rms[RhoE]|      rms[k]|      rms[w]|
+-----------------------------------------------------------------------------+
|         506|           0|   -1.498413|    4.585873|    2.408929|    6.808736|
|         506|          25|   -4.478683|    2.479988|   -0.117721|    6.798418|
|         506|          49|   -4.549627|    2.437622|   -0.177724|    6.761898|
+-----------------------------------------------------------------------------+
|   Time_Iter|  Inner_Iter|    rms[Rho]|   rms[RhoE]|      rms[k]|      rms[w]|
+-----------------------------------------------------------------------------+
|         507|           0|   -1.498481|    4.586165|    2.408667|    6.770015|
|         507|          25|   -4.511808|    2.441080|   -0.143970|    6.737941|
|         507|          49|   -4.593276|    2.391534|   -0.188208|    6.687946|
+-----------------------------------------------------------------------------+
|   Time_Iter|  Inner_Iter|    rms[Rho]|   rms[RhoE]|      rms[k]|      rms[w]|
+-----------------------------------------------------------------------------+
|         508|           0|   -1.498550|    4.586925|    2.408424|    6.697675|
|         508|          25|   -4.551524|    2.394197|   -0.166163|    6.698486|
|         508|          49|   -4.650904|    2.329676|   -0.203909|    6.624837|
+-----------------------------------------------------------------------------+
|   Time_Iter|  Inner_Iter|    rms[Rho]|   rms[RhoE]|      rms[k]|      rms[w]|
+-----------------------------------------------------------------------------+
|         509|           0|   -1.498607|    4.588743|    2.408264|    6.632317|
|         509|          25|   -4.605782|    2.328351|   -0.182989|    6.519216|
|         509|          49|   -4.716994|    2.257702|   -0.228454|    6.404467|
+-----------------------------------------------------------------------------+
|   Time_Iter|  Inner_Iter|    rms[Rho]|   rms[RhoE]|      rms[k]|      rms[w]|
+-----------------------------------------------------------------------------+
|         510|           0|   -1.498673|    4.589976|    2.408159|    6.420393|
|         510|          25|   -4.656982|    2.271800|   -0.199043|    6.363047|
|         510|          49|   -4.779485|    2.195107|   -0.262300|    6.388541|
+-----------------------------------------------------------------------------+
|   Time_Iter|  Inner_Iter|    rms[Rho]|   rms[RhoE]|      rms[k]|      rms[w]|
+-----------------------------------------------------------------------------+
|         511|           0|   -1.498780|    4.587637|    2.408086|    6.400112|
|         511|          25|   -4.709832|    2.221288|   -0.214966|    6.451050|
|         511|          49|   -4.838327|    2.140326|   -0.303956|    6.455426|
+-----------------------------------------------------------------------------+
|   Time_Iter|  Inner_Iter|    rms[Rho]|   rms[RhoE]|      rms[k]|      rms[w]|
+-----------------------------------------------------------------------------+
|         512|           0|   -1.498890|    4.584981|    2.407961|    6.462159|
|         512|          25|   -4.770577|    2.162276|   -0.232331|    6.427745|
|         512|          49|   -4.910065|    2.066952|   -0.352091|    6.334475|
+-----------------------------------------------------------------------------+
|   Time_Iter|  Inner_Iter|    rms[Rho]|   rms[RhoE]|      rms[k]|      rms[w]|
+-----------------------------------------------------------------------------+
|         513|           0|   -1.498987|    4.583299|    2.407765|    6.344005|
|         513|          25|   -4.842097|    2.085907|   -0.252773|    6.246294|
|         513|          49|   -4.983639|    1.988349|   -0.404935|    6.147497|
+-----------------------------------------------------------------------------+
|   Time_Iter|  Inner_Iter|    rms[Rho]|   rms[RhoE]|      rms[k]|      rms[w]|
+-----------------------------------------------------------------------------+
|         514|           0|   -1.499049|    4.584260|    2.407606|    6.163045|
|         514|          25|   -4.914333|    2.008174|   -0.277660|    6.088236|
|         514|          49|   -5.048952|    1.921615|   -0.461063|    6.030094|
+-----------------------------------------------------------------------------+
|   Time_Iter|  Inner_Iter|    rms[Rho]|   rms[RhoE]|      rms[k]|      rms[w]|
+-----------------------------------------------------------------------------+
|         515|           0|   -1.499100|    4.585933|    2.407492|    6.044799|
|         515|          25|   -4.975948|    1.947055|   -0.308672|    6.031622|
|         515|          49|   -5.100287|    1.875199|   -0.519001|    6.045986|
+-----------------------------------------------------------------------------+
|   Time_Iter|  Inner_Iter|    rms[Rho]|   rms[RhoE]|      rms[k]|      rms[w]|
+-----------------------------------------------------------------------------+
|         516|           0|   -1.499134|    4.588603|    2.407336|    6.056414|
|         516|          25|   -5.024086|    1.908185|   -0.343508|    6.086326|
|         516|          49|   -5.137549|    1.845994|   -0.580962|    6.110187|
+-----------------------------------------------------------------------------+
|   Time_Iter|  Inner_Iter|    rms[Rho]|   rms[RhoE]|      rms[k]|      rms[w]|
+-----------------------------------------------------------------------------+
|         517|           0|   -1.499209|    4.588628|    2.407098|    6.117813|
|         517|          25|   -5.060357|    1.885614|   -0.381922|    6.153569|
|         517|          49|   -5.165263|    1.826520|   -0.646682|    6.160224|
+-----------------------------------------------------------------------------+
|   Time_Iter|  Inner_Iter|    rms[Rho]|   rms[RhoE]|      rms[k]|      rms[w]|
+-----------------------------------------------------------------------------+
|         518|           0|   -1.499303|    4.586715|    2.406864|    6.167113|
|         518|          25|   -5.095216|    1.861985|   -0.421683|    6.173738|
|         518|          49|   -5.183922|    1.816226|   -0.714833|    6.147397|
+-----------------------------------------------------------------------------+
|   Time_Iter|  Inner_Iter|    rms[Rho]|   rms[RhoE]|      rms[k]|      rms[w]|
+-----------------------------------------------------------------------------+
|         519|           0|   -1.499384|    4.586247|    2.406612|    6.154876|
|         519|          25|   -5.124365|    1.844007|   -0.463409|    6.128421|
|         519|          49|   -5.201348|    1.805860|   -0.783308|    6.078354|
+-----------------------------------------------------------------------+
|        File Writing Summary       |              Filename             |
+-----------------------------------------------------------------------+
|SU2 binary restart                 |restart_npr20_cfl2_inner50_from500_00519.dat|
+-----------------------------------------------------------------------+
+-----------------------------------------------------------------------------+
|   Time_Iter|  Inner_Iter|    rms[Rho]|   rms[RhoE]|      rms[k]|      rms[w]|
+-----------------------------------------------------------------------------+
|         520|           0|   -1.499446|    4.587405|    2.406361|    6.087645|
|         520|          25|   -5.148265|    1.830647|   -0.506613|    6.044518|
|         520|          49|   -5.221238|    1.791175|   -0.851321|    5.993365|

----------------------------- Solver Exit -------------------------------
Maximum number of time iterations reached (TIME_ITER = 521).
-------------------------------------------------------------------------
+-----------------------------------------------------------------------+
|        File Writing Summary       |              Filename             |
+-----------------------------------------------------------------------+
|SU2 binary restart                 |restart_npr20_cfl2_inner50_from500_00520.dat|
|Paraview ASCII                     |flow_npr20_cfl2_inner50_from500_00520.vtk|
|Paraview ASCII surface             |wall_npr20_cfl2_inner50_from500_00520.vtk|
|CSV file                           |wall_npr20_cfl2_inner50_from500_00520.csv|
+-----------------------------------------------------------------------+

--------------------------- Finalizing Solver ---------------------------
Deleted CNumerics container.
Deleted CIntegration container.
Deleted CSolver container.
Deleted CIteration container.
Deleted CInterface container.
Deleted CGeometry container.
Deleted CFreeFormDefBox class.
Deleted CSurfaceMovement class.
Deleted CVolumetricMovement class.
Deleted CConfig container.
Deleted nInst container.
Deleted COutput class.
-------------------------------------------------------------------------

------------------------- Exit Success (SU2_CFD) ------------------------

