
 problem rocket equilibrium
   p,bar=22.61264906
   o/f=3.10909652
   supar=30.0
 reactant
   fuel CH4(L) wt%=100 t(k)=111.66
   oxid O2(L) wt%=100 t(k)=90.17
 output massf trace=1e-8 transport
 end

THEORETICAL ROCKET PERFORMANCE ASSUMING EQUILIBRIUM
COMPOSITION DURING EXPANSION FROM INFINITE AREA COMBUSTOR
 
Pc =  22.61 bar
 
supar =    30.0000
 
 
            REACTANT     MOLES    ENERGY      TEMP
                                  KJ/MOL         K
     CH4(L)            100.000  -89233.000    111.66
     O2(L)             100.000  -12979.000     90.17
 
O/F =    3.10910    % Fuel =  24.33625    r, Eq. Ratio =  1.28309    phi, Eq. Ratio =  1.28309
 

                        CHAMBER       THROAT         EXIT
 Pinf/P                  1.0000       1.7274      290.371
 P, bar                 22.6126      13.0906       0.0779
 T, K                   3365.90      3203.67      1678.34
 Density, kg/m^3      0.1660E+1    0.1023E+1    0.1226E-1
 H, kJ/kg             -1660.555    -2382.464    -7240.910
 U, kJ/kg             -3022.945    -3662.470    -7876.040
 G, kJ/kg             -45193.99    -43817.66    -28948.03
 S, kJ/kg-K              12.934       12.934       12.934
 
 M, (1/n)               20.5417      20.8100      21.9712
 (dln(V)/dln(P))t       -1.0355      -1.0297      -1.0000
 (dln(V)/dln(T))p        1.6624       1.5826       1.0016
 Cp, kJ/(kg-K)           7.4347       6.9912       2.2171
 Gamma_s                 1.1298       1.1280       1.2066
 Son. Vel., m/s         1240.68      1201.59       875.40
 Mach                    0.0000       1.0000       3.8163
 
 TRANSPORT PROPERTIES (GASES ONLY)
    CONDUCTIVITY IN UNITS OF MILLIWATTS/(CM)(K)
 
  Visc, Millipois        1.0732       1.0386       0.6587
 
 WITH EQUILIBRIUM REACTIONS
  Cp, kJ/(kg-K)          7.4347       6.9912       2.2171
  Conductivity          15.8586      14.2888       2.1413
  Prandtl Number         0.5031       0.5082       0.6820
 
 WITH FROZEN REACTIONS
  Cp, kJ/(kg-K)          2.3860       2.3730       2.1199
  Conductivity           3.8718       3.6947       1.9980
  Prandtl Number         0.6613       0.6671       0.6989
 
 
 PERFORMANCE PARAMETERS
 
 Ae/At                                1.0000      30.0000
 C*, m/s                             1840.13      1840.13
 Cf                                   0.6530       1.8155
 Ivac, m/s                           2266.85      3530.88
 Isp, m/s                            1201.59      3340.77
 
MASS FRACTIONS
 
 CO                    0.283086     0.273737     0.198181
 CO2                   0.222804     0.237505     0.356237
 COOH                  1.255E-5     7.287E-6     2.152E-9
 H                     0.001508     0.001274     7.350E-6
 H2                    0.011274     0.010862     0.012720
 H2O                   0.407372     0.417793     0.432828
 H2O2                  1.193E-5     6.724E-6     2.63E-11
 HCHO,formaldehy       3.299E-7     1.789E-7     9.86E-10
 HCO                   1.110E-5     6.117E-6     2.147E-9
 HCOOH                 1.870E-6     1.076E-6     6.009E-9
 HO2                   7.364E-5     4.220E-5     1.19E-11
 O                     0.006477     0.004681     2.013E-8
 O2                    0.020279     0.015739     6.907E-8
 O3                    4.779E-8     1.808E-8     6.87E-20
 OH                    0.047089     0.038344     2.667E-5

PRODUCTS WHICH WERE CONSIDERED BUT WHOSE MASS FRACTIONS
WERE LESS THAN 1.000000E-08 FOR ALL ASSIGNED CONDITIONS

 (CH3COOH)2      (HCOOH)2        C               C10H21,n-decyl  C10H8,naphthale
 C12H10,biphenyl C12H9,o-bipheny C2              C2H             C2H2,acetylene 
 C2H2,vinylidene C2H3,vinyl      C2H4            C2H4O,ethylen-o C2H5           
 C2H5OH          C2H6            C2O             C3              C3H3,1-propynl 
 C3H3,2-propynl  C3H4,allene     C3H4,cyclo-     C3H4,propyne    C3H5,allyl     
 C3H6,cyclo-     C3H6,propylene  C3H6O,acetone   C3H6O,propanal  C3H6O,propylox 
 C3H7,i-propyl   C3H7,n-propyl   C3H8            C3H8O,1propanol C3H8O,2propanol
 C3O2            C4              C4H10,isobutane C4H10,n-butane  C4H2,butadiyne 
 C4H4,1,3-cyclo- C4H6,1butyne    C4H6,2butyne    C4H6,butadiene  C4H6,cyclo-    
 C4H8,1-butene   C4H8,cis2-buten C4H8,cyclo-     C4H8,isobutene  C4H8,tr2-butene
 C4H9,i-butyl    C4H9,n-butyl    C4H9,s-butyl    C4H9,t-butyl    C5             
 C5H10,1-pentene C5H10,cyclo-    C5H11,pentyl    C5H11,t-pentyl  C5H12,i-pentane
 C5H12,n-pentane C5H6,1,3cyclo-  C5H8,cyclo-     C6H10,cyclo-    C6H12,1-hexene 
 C6H12,cyclo-    C6H13,n-hexyl   C6H14,n-hexane  C6H2            C6H5,phenyl    
 C6H5O,phenoxy   C6H5OH,phenol   C6H6            C7H14,1-heptene C7H15,n-heptyl 
 C7H16,2-methylh C7H16,n-heptane C7H7,benzyl     C7H8            C7H8O,cresol-mx
 C8H10,ethylbenz C8H16,1-octene  C8H17,n-octyl   C8H18,isooctane C8H18,n-octane 
 C8H8,styrene    C9H19,n-nonyl   CH              CH2             CH2CO,ketene   
 CH2OH           CH3             CH3C(CH3)2CH3   CH3CHO,ethanal  CH3CO,acetyl   
 CH3COOH         CH3O            CH3O2CH3        CH3OCH3         CH3OH          
 CH3OOH          CH4             HCCO            HO(CO)2OH       O(CH)2O        
 OHCH2COOH       C(gr)           H2O(L)          H2O(cr)        

NOTE. WEIGHT FRACTION OF FUEL IN TOTAL FUELS AND OF OXIDANT IN TOTAL OXIDANTS

