
 problem rocket equilibrium
   p,bar=51.22579797
   o/f=3.13957608
   supar=30.0
 reactant
   fuel CH4(L) wt%=100 t(k)=111.66
   oxid O2(L) wt%=100 t(k)=90.17
 output massf trace=1e-8 transport
 end

THEORETICAL ROCKET PERFORMANCE ASSUMING EQUILIBRIUM
COMPOSITION DURING EXPANSION FROM INFINITE AREA COMBUSTOR
 
Pc =  51.23 bar
 
supar =    30.0000
 
 
            REACTANT     MOLES    ENERGY      TEMP
                                  KJ/MOL         K
     CH4(L)            100.000  -89233.000    111.66
     O2(L)             100.000  -12979.000     90.17
 
O/F =    3.13958    % Fuel =  24.15706    r, Eq. Ratio =  1.27064    phi, Eq. Ratio =  1.27064
 

                        CHAMBER       THROAT         EXIT
 Pinf/P                  1.0000       1.7300      294.769
 P, bar                 51.2258      29.6100       0.1738
 T, K                   3471.39      3295.54      1685.19
 Density, kg/m^3      0.3697E+1    0.2279E+1    0.2745E-1
 H, kJ/kg             -1651.314    -2386.791    -7283.475
 U, kJ/kg             -3036.803    -3685.963    -7916.485
 G, kJ/kg             -45289.15    -43813.98    -28467.53
 S, kJ/kg-K              12.571       12.571       12.571
 
 M, (1/n)               20.8323      21.0909      22.1348
 (dln(V)/dln(P))t       -1.0320      -1.0264      -1.0000
 (dln(V)/dln(T))p        1.5819       1.5067       1.0012
 Cp, kJ/(kg-K)           6.6537       6.2508       2.2033
 Gamma_s                 1.1339       1.1322       1.2060
 Son. Vel., m/s         1253.41      1212.83       873.75
 Mach                    0.0000       1.0000       3.8412
 
 TRANSPORT PROPERTIES (GASES ONLY)
    CONDUCTIVITY IN UNITS OF MILLIWATTS/(CM)(K)
 
  Visc, Millipois        1.1007       1.0634       0.6623
 
 WITH EQUILIBRIUM REACTIONS
  Cp, kJ/(kg-K)          6.6537       6.2508       2.2033
  Conductivity          14.0759      12.6362       2.1174
  Prandtl Number         0.5203       0.5261       0.6891
 
 WITH FROZEN REACTIONS
  Cp, kJ/(kg-K)          2.3873       2.3740       2.1150
  Conductivity           3.9466       3.7611       1.9947
  Prandtl Number         0.6658       0.6712       0.7022
 
 
 PERFORMANCE PARAMETERS
 
 Ae/At                                1.0000      30.0000
 C*, m/s                             1853.18      1853.18
 Cf                                   0.6545       1.8111
 Ivac, m/s                           2284.02      3544.84
 Isp, m/s                            1212.83      3356.24
 
MASS FRACTIONS
 
 CO                    0.274532     0.265184     0.191633
 CO2                   0.231303     0.246015     0.361610
 COOH                  2.312E-5     1.328E-5     3.361E-9
 H                     0.001233     0.001033     5.099E-6
 H2                    0.010491     0.010101     0.012066
 H2O                   0.414099     0.423999     0.434665
 H2O2                  1.970E-5     1.091E-5     3.10E-11
 HCHO,formaldehy       6.877E-7     3.710E-7     2.032E-9
 HCO                   1.859E-5     1.016E-5     3.169E-9
 HCOOH                 4.265E-6     2.440E-6     1.307E-8
 HO2                   9.774E-5     5.481E-5     1.01E-11
 O                     0.005353     0.003795     1.098E-8
 O2                    0.018210     0.013856     3.985E-8
 O3                    7.529E-8     2.725E-8     4.71E-20
 OH                    0.044615     0.035924     1.994E-5

PRODUCTS WHICH WERE CONSIDERED BUT WHOSE MASS FRACTIONS
WERE LESS THAN 1.000000E-08 FOR ALL ASSIGNED CONDITIONS

 (CH3COOH)2      (HCOOH)2        C               C10H21,n-decyl  C10H8,naphthale
 C12H10,biphenyl C12H9,o-bipheny C2              C2H             C2H2,acetylene 
 C2H2,vinylidene C2H3,vinyl      C2H4            C2H4O,ethylen-o C2H5           
 C2H5OH          C2H6            C2O             C3              C3H3,1-propynl 
 C3H3,2-propynl  C3H4,allene     C3H4,cyclo-     C3H4,propyne    C3H5,allyl     
 C3H6,cyclo-     C3H6,propylene  C3H6O,acetone   C3H6O,propanal  C3H6O,propylox 
 C3H7,i-propyl   C3H7,n-propyl   C3H8            C3H8O,1propanol C3H8O,2propanol
 C3O2            C4              C4H10,isobutane C4H10,n-butane  C4H2,butadiyne 
 C4H4,1,3-cyclo- C4H6,1butyne    C4H6,2butyne    C4H6,butadiene  C4H6,cyclo-    
 C4H8,1-butene   C4H8,cis2-buten C4H8,cyclo-     C4H8,isobutene  C4H8,tr2-butene
 C4H9,i-butyl    C4H9,n-butyl    C4H9,s-butyl    C4H9,t-butyl    C5             
 C5H10,1-pentene C5H10,cyclo-    C5H11,pentyl    C5H11,t-pentyl  C5H12,i-pentane
 C5H12,n-pentane C5H6,1,3cyclo-  C5H8,cyclo-     C6H10,cyclo-    C6H12,1-hexene 
 C6H12,cyclo-    C6H13,n-hexyl   C6H14,n-hexane  C6H2            C6H5,phenyl    
 C6H5O,phenoxy   C6H5OH,phenol   C6H6            C7H14,1-heptene C7H15,n-heptyl 
 C7H16,2-methylh C7H16,n-heptane C7H7,benzyl     C7H8            C7H8O,cresol-mx
 C8H10,ethylbenz C8H16,1-octene  C8H17,n-octyl   C8H18,isooctane C8H18,n-octane 
 C8H8,styrene    C9H19,n-nonyl   CH              CH2             CH2CO,ketene   
 CH2OH           CH3             CH3C(CH3)2CH3   CH3CHO,ethanal  CH3CO,acetyl   
 CH3COOH         CH3O            CH3O2CH3        CH3OCH3         CH3OH          
 CH3OOH          CH4             HCCO            HO(CO)2OH       O(CH)2O        
 OHCH2COOH       C(gr)           H2O(L)          H2O(cr)        

NOTE. WEIGHT FRACTION OF FUEL IN TOTAL FUELS AND OF OXIDANT IN TOTAL OXIDANTS

