
 problem rocket equilibrium
   p,bar=52.75293520
   o/f=3.19156415
   supar=30.0
 reactant
   fuel CH4(L) wt%=100 t(k)=111.66
   oxid O2(L) wt%=100 t(k)=90.17
 output massf trace=1e-8 transport
 end

THEORETICAL ROCKET PERFORMANCE ASSUMING EQUILIBRIUM
COMPOSITION DURING EXPANSION FROM INFINITE AREA COMBUSTOR
 
Pc =  52.75 bar
 
supar =    30.0000
 
 
            REACTANT     MOLES    ENERGY      TEMP
                                  KJ/MOL         K
     CH4(L)            100.000  -89233.000    111.66
     O2(L)             100.000  -12979.000     90.17
 
O/F =    3.19156    % Fuel =  23.85744    r, Eq. Ratio =  1.24994    phi, Eq. Ratio =  1.24994
 

                        CHAMBER       THROAT         EXIT
 Pinf/P                  1.0000       1.7291      289.603
 P, bar                 52.7529      30.5090       0.1822
 T, K                   3485.55      3311.66      1734.51
 Density, kg/m^3      0.3822E+1    0.2356E+1    0.2831E-1
 H, kJ/kg             -1635.864    -2367.994    -7270.800
 U, kJ/kg             -3016.015    -3662.921    -7914.277
 G, kJ/kg             -45214.08    -43772.12    -28956.53
 S, kJ/kg-K              12.503       12.503       12.503
 
 M, (1/n)               20.9982      21.2636      22.4119
 (dln(V)/dln(P))t       -1.0338      -1.0283      -1.0001
 (dln(V)/dln(T))p        1.6118       1.5416       1.0018
 Cp, kJ/(kg-K)           6.8096       6.4550       2.2036
 Gamma_s                 1.1329       1.1308       1.2032
 Son. Vel., m/s         1250.42      1210.07       879.91
 Mach                    0.0000       1.0000       3.8152
 
 TRANSPORT PROPERTIES (GASES ONLY)
    CONDUCTIVITY IN UNITS OF MILLIWATTS/(CM)(K)
 
  Visc, Millipois        1.1068       1.0702       0.6792
 
 WITH EQUILIBRIUM REACTIONS
  Cp, kJ/(kg-K)          6.8096       6.4550       2.2036
  Conductivity          14.3883      13.0246       2.1678
  Prandtl Number         0.5238       0.5304       0.6904
 
 WITH FROZEN REACTIONS
  Cp, kJ/(kg-K)          2.3753       2.3625       2.1173
  Conductivity           3.9349       3.7537       2.0320
  Prandtl Number         0.6681       0.6735       0.7077
 
 
 PERFORMANCE PARAMETERS
 
 Ae/At                                1.0000      30.0000
 C*, m/s                             1850.35      1850.35
 Cf                                   0.6540       1.8143
 Ivac, m/s                           2280.19      3548.74
 Isp, m/s                            1210.07      3357.06
 
MASS FRACTIONS
 
 CO                    0.265714     0.255955     0.182875
 CO2                   0.236938     0.252297     0.367152
 COOH                  2.396E-5     1.384E-5     4.774E-9
 H                     0.001211     0.001020     7.407E-6
 H2                    0.009842     0.009433     0.010812
 H2O                   0.412187     0.422144     0.439117
 H2O2                  2.190E-5     1.236E-5     7.34E-11
 HCHO,formaldehy       6.486E-7     3.476E-7     1.829E-9
 HCO                   1.815E-5     9.921E-6     4.005E-9
 HCOOH                 4.269E-6     2.438E-6     1.304E-8
 HO2                   1.125E-4     6.471E-5     3.31E-11
 O                     0.005878     0.004264     3.253E-8
 O2                    0.021203     0.016582     1.321E-7
 O3                    9.895E-8     3.755E-8     3.94E-19
 OH                    0.046845     0.038202     3.691E-5

PRODUCTS WHICH WERE CONSIDERED BUT WHOSE MASS FRACTIONS
WERE LESS THAN 1.000000E-08 FOR ALL ASSIGNED CONDITIONS

 (CH3COOH)2      (HCOOH)2        C               C10H21,n-decyl  C10H8,naphthale
 C12H10,biphenyl C12H9,o-bipheny C2              C2H             C2H2,acetylene 
 C2H2,vinylidene C2H3,vinyl      C2H4            C2H4O,ethylen-o C2H5           
 C2H5OH          C2H6            C2O             C3              C3H3,1-propynl 
 C3H3,2-propynl  C3H4,allene     C3H4,cyclo-     C3H4,propyne    C3H5,allyl     
 C3H6,cyclo-     C3H6,propylene  C3H6O,acetone   C3H6O,propanal  C3H6O,propylox 
 C3H7,i-propyl   C3H7,n-propyl   C3H8            C3H8O,1propanol C3H8O,2propanol
 C3O2            C4              C4H10,isobutane C4H10,n-butane  C4H2,butadiyne 
 C4H4,1,3-cyclo- C4H6,1butyne    C4H6,2butyne    C4H6,butadiene  C4H6,cyclo-    
 C4H8,1-butene   C4H8,cis2-buten C4H8,cyclo-     C4H8,isobutene  C4H8,tr2-butene
 C4H9,i-butyl    C4H9,n-butyl    C4H9,s-butyl    C4H9,t-butyl    C5             
 C5H10,1-pentene C5H10,cyclo-    C5H11,pentyl    C5H11,t-pentyl  C5H12,i-pentane
 C5H12,n-pentane C5H6,1,3cyclo-  C5H8,cyclo-     C6H10,cyclo-    C6H12,1-hexene 
 C6H12,cyclo-    C6H13,n-hexyl   C6H14,n-hexane  C6H2            C6H5,phenyl    
 C6H5O,phenoxy   C6H5OH,phenol   C6H6            C7H14,1-heptene C7H15,n-heptyl 
 C7H16,2-methylh C7H16,n-heptane C7H7,benzyl     C7H8            C7H8O,cresol-mx
 C8H10,ethylbenz C8H16,1-octene  C8H17,n-octyl   C8H18,isooctane C8H18,n-octane 
 C8H8,styrene    C9H19,n-nonyl   CH              CH2             CH2CO,ketene   
 CH2OH           CH3             CH3C(CH3)2CH3   CH3CHO,ethanal  CH3CO,acetyl   
 CH3COOH         CH3O            CH3O2CH3        CH3OCH3         CH3OH          
 CH3OOH          CH4             HCCO            HO(CO)2OH       O(CH)2O        
 OHCH2COOH       C(gr)           H2O(L)          H2O(cr)        

NOTE. WEIGHT FRACTION OF FUEL IN TOTAL FUELS AND OF OXIDANT IN TOTAL OXIDANTS

