
 problem rocket equilibrium
   p,bar=53.18749107
   o/f=3.12537529
   supar=30.0
 reactant
   fuel CH4(L) wt%=100 t(k)=111.66
   oxid O2(L) wt%=100 t(k)=90.17
 output massf trace=1e-8 transport
 end

THEORETICAL ROCKET PERFORMANCE ASSUMING EQUILIBRIUM
COMPOSITION DURING EXPANSION FROM INFINITE AREA COMBUSTOR
 
Pc =  53.19 bar
 
supar =    30.0000
 
 
            REACTANT     MOLES    ENERGY      TEMP
                                  KJ/MOL         K
     CH4(L)            100.000  -89233.000    111.66
     O2(L)             100.000  -12979.000     90.17
 
O/F =    3.12538    % Fuel =  24.24022    r, Eq. Ratio =  1.27641    phi, Eq. Ratio =  1.27641
 

                        CHAMBER       THROAT         EXIT
 Pinf/P                  1.0000       1.7305      296.591
 P, bar                 53.1875      30.7356       0.1793
 T, K                   3472.75      3295.41      1670.67
 Density, kg/m^3      0.3831E+1    0.2362E+1    0.2848E-1
 H, kJ/kg             -1655.602    -2392.858    -7289.039
 U, kJ/kg             -3043.967    -3694.321    -7918.748
 G, kJ/kg             -45312.46    -43820.39    -28291.52
 S, kJ/kg-K              12.571       12.571       12.571
 
 M, (1/n)               20.7973      21.0530      22.0591
 (dln(V)/dln(P))t       -1.0312      -1.0256      -1.0000
 (dln(V)/dln(T))p        1.5679       1.4915       1.0010
 Cp, kJ/(kg-K)           6.5606       6.1453       2.2032
 Gamma_s                 1.1345       1.1330       1.2068
 Son. Vel., m/s         1255.03      1214.29       871.76
 Mach                    0.0000       1.0000       3.8504
 
 TRANSPORT PROPERTIES (GASES ONLY)
    CONDUCTIVITY IN UNITS OF MILLIWATTS/(CM)(K)
 
  Visc, Millipois        1.1003       1.0626       0.6574
 
 WITH EQUILIBRIUM REACTIONS
  Cp, kJ/(kg-K)          6.5606       6.1453       2.2032
  Conductivity          13.8788      12.4238       2.1027
  Prandtl Number         0.5201       0.5256       0.6888
 
 WITH FROZEN REACTIONS
  Cp, kJ/(kg-K)          2.3911       2.3776       2.1141
  Conductivity           3.9543       3.7669       1.9835
  Prandtl Number         0.6653       0.6707       0.7006
 
 
 PERFORMANCE PARAMETERS
 
 Ae/At                                1.0000      30.0000
 C*, m/s                             1854.71      1854.71
 Cf                                   0.6547       1.8098
 Ivac, m/s                           2286.08      3544.22
 Isp, m/s                            1214.29      3356.62
 
MASS FRACTIONS
 
 CO                    0.276783     0.267570     0.193859
 CO2                   0.230046     0.244547     0.360394
 COOH                  2.365E-5     1.355E-5     3.087E-9
 H                     0.001224     0.001023     4.436E-6
 H2                    0.010656     0.010275     0.012429
 H2O                   0.415029     0.424868     0.433297
 H2O2                  1.958E-5     1.077E-5     2.40E-11
 HCHO,formaldehy       7.300E-7     3.945E-7     2.183E-9
 HCO                   1.928E-5     1.052E-5     3.005E-9
 HCOOH                 4.467E-6     2.556E-6     1.366E-8
 HO2                   9.486E-5     5.266E-5     6.90E-12
 O                     0.005131     0.003606     7.553E-9
 O2                    0.017221     0.012970     2.659E-8
 O3                    7.068E-8     2.512E-8     2.38E-20
 OH                    0.043746     0.035051     1.617E-5

PRODUCTS WHICH WERE CONSIDERED BUT WHOSE MASS FRACTIONS
WERE LESS THAN 1.000000E-08 FOR ALL ASSIGNED CONDITIONS

 (CH3COOH)2      (HCOOH)2        C               C10H21,n-decyl  C10H8,naphthale
 C12H10,biphenyl C12H9,o-bipheny C2              C2H             C2H2,acetylene 
 C2H2,vinylidene C2H3,vinyl      C2H4            C2H4O,ethylen-o C2H5           
 C2H5OH          C2H6            C2O             C3              C3H3,1-propynl 
 C3H3,2-propynl  C3H4,allene     C3H4,cyclo-     C3H4,propyne    C3H5,allyl     
 C3H6,cyclo-     C3H6,propylene  C3H6O,acetone   C3H6O,propanal  C3H6O,propylox 
 C3H7,i-propyl   C3H7,n-propyl   C3H8            C3H8O,1propanol C3H8O,2propanol
 C3O2            C4              C4H10,isobutane C4H10,n-butane  C4H2,butadiyne 
 C4H4,1,3-cyclo- C4H6,1butyne    C4H6,2butyne    C4H6,butadiene  C4H6,cyclo-    
 C4H8,1-butene   C4H8,cis2-buten C4H8,cyclo-     C4H8,isobutene  C4H8,tr2-butene
 C4H9,i-butyl    C4H9,n-butyl    C4H9,s-butyl    C4H9,t-butyl    C5             
 C5H10,1-pentene C5H10,cyclo-    C5H11,pentyl    C5H11,t-pentyl  C5H12,i-pentane
 C5H12,n-pentane C5H6,1,3cyclo-  C5H8,cyclo-     C6H10,cyclo-    C6H12,1-hexene 
 C6H12,cyclo-    C6H13,n-hexyl   C6H14,n-hexane  C6H2            C6H5,phenyl    
 C6H5O,phenoxy   C6H5OH,phenol   C6H6            C7H14,1-heptene C7H15,n-heptyl 
 C7H16,2-methylh C7H16,n-heptane C7H7,benzyl     C7H8            C7H8O,cresol-mx
 C8H10,ethylbenz C8H16,1-octene  C8H17,n-octyl   C8H18,isooctane C8H18,n-octane 
 C8H8,styrene    C9H19,n-nonyl   CH              CH2             CH2CO,ketene   
 CH2OH           CH3             CH3C(CH3)2CH3   CH3CHO,ethanal  CH3CO,acetyl   
 CH3COOH         CH3O            CH3O2CH3        CH3OCH3         CH3OH          
 CH3OOH          CH4             HCCO            HO(CO)2OH       O(CH)2O        
 OHCH2COOH       C(gr)           H2O(L)          H2O(cr)        

NOTE. WEIGHT FRACTION OF FUEL IN TOTAL FUELS AND OF OXIDANT IN TOTAL OXIDANTS

