
 problem rocket equilibrium
   p,bar=53.96283648
   o/f=3.23239365
   supar=30.0
 reactant
   fuel CH4(L) wt%=100 t(k)=111.66
   oxid O2(L) wt%=100 t(k)=90.17
 output massf trace=1e-8 transport
 end

THEORETICAL ROCKET PERFORMANCE ASSUMING EQUILIBRIUM
COMPOSITION DURING EXPANSION FROM INFINITE AREA COMBUSTOR
 
Pc =  53.96 bar
 
supar =    30.0000
 
 
            REACTANT     MOLES    ENERGY      TEMP
                                  KJ/MOL         K
     CH4(L)            100.000  -89233.000    111.66
     O2(L)             100.000  -12979.000     90.17
 
O/F =    3.23239    % Fuel =  23.62729    r, Eq. Ratio =  1.23415    phi, Eq. Ratio =  1.23415
 

                        CHAMBER       THROAT         EXIT
 Pinf/P                  1.0000       1.7285      285.570
 P, bar                 53.9628      31.2201       0.1890
 T, K                   3495.62      3323.07      1773.72
 Density, kg/m^3      0.3922E+1    0.2418E+1    0.2900E-1
 H, kJ/kg             -1623.996    -2353.470    -7258.753
 U, kJ/kg             -2999.796    -3644.833    -7910.458
 G, kJ/kg             -45144.26    -43725.46    -29341.45
 S, kJ/kg-K              12.450       12.450       12.450
 
 M, (1/n)               21.1254      21.3958      22.6293
 (dln(V)/dln(P))t       -1.0350      -1.0298      -1.0001
 (dln(V)/dln(T))p        1.6336       1.5675       1.0024
 Cp, kJ/(kg-K)           6.9192       6.6022       2.2066
 Gamma_s                 1.1322       1.1298       1.2008
 Son. Vel., m/s         1248.06      1207.87       884.64
 Mach                    0.0000       1.0000       3.7948
 
 TRANSPORT PROPERTIES (GASES ONLY)
    CONDUCTIVITY IN UNITS OF MILLIWATTS/(CM)(K)
 
  Visc, Millipois        1.1113       1.0751       0.6927
 
 WITH EQUILIBRIUM REACTIONS
  Cp, kJ/(kg-K)          6.9192       6.6022       2.2066
  Conductivity          14.6136      13.3103       2.2141
  Prandtl Number         0.5262       0.5332       0.6903
 
 WITH FROZEN REACTIONS
  Cp, kJ/(kg-K)          2.3660       2.3535       2.1192
  Conductivity           3.9254       3.7471       2.0628
  Prandtl Number         0.6698       0.6752       0.7116
 
 
 PERFORMANCE PARAMETERS
 
 Ae/At                                1.0000      30.0000
 C*, m/s                             1847.94      1847.94
 Cf                                   0.6536       1.8166
 Ivac, m/s                           2276.99      3551.14
 Isp, m/s                            1207.87      3357.01
 
MASS FRACTIONS
 
 CO                    0.258974     0.248910     0.175677
 CO2                   0.241215     0.257052     0.372147
 COOH                  2.457E-5     1.425E-5     6.220E-9
 H                     0.001192     0.001008     9.783E-6
 H2                    0.009367     0.008948     0.009882
 H2O                   0.410549     0.420521     0.442225
 H2O2                  2.367E-5     1.353E-5     1.41E-10
 HCHO,formaldehy       6.196E-7     3.304E-7     1.673E-9
 HCO                   1.777E-5     9.719E-6     4.744E-9
 HCOOH                 4.268E-6     2.433E-6     1.298E-8
 HO2                   1.247E-4     7.304E-5     8.21E-11
 O                     0.006288     0.004634     7.430E-8
 O2                    0.023722     0.018914     3.303E-7
 O3                    1.210E-7     4.748E-8     1.99E-18
 OH                    0.048498     0.039901     5.891E-5

PRODUCTS WHICH WERE CONSIDERED BUT WHOSE MASS FRACTIONS
WERE LESS THAN 1.000000E-08 FOR ALL ASSIGNED CONDITIONS

 (CH3COOH)2      (HCOOH)2        C               C10H21,n-decyl  C10H8,naphthale
 C12H10,biphenyl C12H9,o-bipheny C2              C2H             C2H2,acetylene 
 C2H2,vinylidene C2H3,vinyl      C2H4            C2H4O,ethylen-o C2H5           
 C2H5OH          C2H6            C2O             C3              C3H3,1-propynl 
 C3H3,2-propynl  C3H4,allene     C3H4,cyclo-     C3H4,propyne    C3H5,allyl     
 C3H6,cyclo-     C3H6,propylene  C3H6O,acetone   C3H6O,propanal  C3H6O,propylox 
 C3H7,i-propyl   C3H7,n-propyl   C3H8            C3H8O,1propanol C3H8O,2propanol
 C3O2            C4              C4H10,isobutane C4H10,n-butane  C4H2,butadiyne 
 C4H4,1,3-cyclo- C4H6,1butyne    C4H6,2butyne    C4H6,butadiene  C4H6,cyclo-    
 C4H8,1-butene   C4H8,cis2-buten C4H8,cyclo-     C4H8,isobutene  C4H8,tr2-butene
 C4H9,i-butyl    C4H9,n-butyl    C4H9,s-butyl    C4H9,t-butyl    C5             
 C5H10,1-pentene C5H10,cyclo-    C5H11,pentyl    C5H11,t-pentyl  C5H12,i-pentane
 C5H12,n-pentane C5H6,1,3cyclo-  C5H8,cyclo-     C6H10,cyclo-    C6H12,1-hexene 
 C6H12,cyclo-    C6H13,n-hexyl   C6H14,n-hexane  C6H2            C6H5,phenyl    
 C6H5O,phenoxy   C6H5OH,phenol   C6H6            C7H14,1-heptene C7H15,n-heptyl 
 C7H16,2-methylh C7H16,n-heptane C7H7,benzyl     C7H8            C7H8O,cresol-mx
 C8H10,ethylbenz C8H16,1-octene  C8H17,n-octyl   C8H18,isooctane C8H18,n-octane 
 C8H8,styrene    C9H19,n-nonyl   CH              CH2             CH2CO,ketene   
 CH2OH           CH3             CH3C(CH3)2CH3   CH3CHO,ethanal  CH3CO,acetyl   
 CH3COOH         CH3O            CH3O2CH3        CH3OCH3         CH3OH          
 CH3OOH          CH4             HCCO            HO(CO)2OH       O(CH)2O        
 OHCH2COOH       C(gr)           H2O(L)          H2O(cr)        

NOTE. WEIGHT FRACTION OF FUEL IN TOTAL FUELS AND OF OXIDANT IN TOTAL OXIDANTS

