
 problem rocket equilibrium
   p,bar=52.53975332
   o/f=3.21551192
   supar=30.0
 reactant
   fuel CH4(L) wt%=100 t(k)=111.66
   oxid O2(L) wt%=100 t(k)=90.17
 output massf trace=1e-8 transport
 end

THEORETICAL ROCKET PERFORMANCE ASSUMING EQUILIBRIUM
COMPOSITION DURING EXPANSION FROM INFINITE AREA COMBUSTOR
 
Pc =  52.54 bar
 
supar =    30.0000
 
 
            REACTANT     MOLES    ENERGY      TEMP
                                  KJ/MOL         K
     CH4(L)            100.000  -89233.000    111.66
     O2(L)             100.000  -12979.000     90.17
 
O/F =    3.21551    % Fuel =  23.72191    r, Eq. Ratio =  1.24063    phi, Eq. Ratio =  1.24063
 

                        CHAMBER       THROAT         EXIT
 Pinf/P                  1.0000       1.7287      287.070
 P, bar                 52.5398      30.3935       0.1830
 T, K                   3489.39      3316.62      1757.97
 Density, kg/m^3      0.3815E+1    0.2352E+1    0.2822E-1
 H, kJ/kg             -1628.875    -2359.116    -7262.802
 U, kJ/kg             -3005.921    -3651.501    -7911.295
 G, kJ/kg             -45171.01    -43745.38    -29199.55
 S, kJ/kg-K              12.478       12.478       12.478
 
 M, (1/n)               21.0687      21.3373      22.5394
 (dln(V)/dln(P))t       -1.0346      -1.0293      -1.0001
 (dln(V)/dln(T))p        1.6269       1.5591       1.0022
 Cp, kJ/(kg-K)           6.8934       6.5608       2.2054
 Gamma_s                 1.1324       1.1301       1.2018
 Son. Vel., m/s         1248.73      1208.51       882.82
 Mach                    0.0000       1.0000       3.8023
 
 TRANSPORT PROPERTIES (GASES ONLY)
    CONDUCTIVITY IN UNITS OF MILLIWATTS/(CM)(K)
 
  Visc, Millipois        1.1089       1.0726       0.6872
 
 WITH EQUILIBRIUM REACTIONS
  Cp, kJ/(kg-K)          6.8934       6.5608       2.2054
  Conductivity          14.5634      13.2336       2.1957
  Prandtl Number         0.5249       0.5318       0.6903
 
 WITH FROZEN REACTIONS
  Cp, kJ/(kg-K)          2.3696       2.3570       2.1186
  Conductivity           3.9275       3.7483       2.0505
  Prandtl Number         0.6691       0.6745       0.7100
 
 
 PERFORMANCE PARAMETERS
 
 Ae/At                                1.0000      30.0000
 C*, m/s                             1848.64      1848.64
 Cf                                   0.6537       1.8158
 Ivac, m/s                           2277.91      3549.95
 Isp, m/s                            1208.50      3356.76
 
MASS FRACTIONS
 
 CO                    0.261834     0.251889     0.178717
 CO2                   0.239318     0.254968     0.369966
 COOH                  2.402E-5     1.391E-5     5.554E-9
 H                     0.001205     0.001018     8.847E-6
 H2                    0.009569     0.009153     0.010258
 H2O                   0.411069     0.421049     0.441000
 H2O2                  2.272E-5     1.293E-5     1.09E-10
 HCHO,formaldehy       6.211E-7     3.319E-7     1.708E-9
 HCO                   1.773E-5     9.696E-6     4.406E-9
 HCOOH                 4.194E-6     2.393E-6     1.279E-8
 HO2                   1.190E-4     6.928E-5     5.76E-11
 O                     0.006151     0.004508     5.442E-8
 O2                    0.022755     0.018015     2.330E-7
 O3                    1.107E-7     4.293E-8     1.06E-18
 OH                    0.047911     0.039293     4.934E-5

PRODUCTS WHICH WERE CONSIDERED BUT WHOSE MASS FRACTIONS
WERE LESS THAN 1.000000E-08 FOR ALL ASSIGNED CONDITIONS

 (CH3COOH)2      (HCOOH)2        C               C10H21,n-decyl  C10H8,naphthale
 C12H10,biphenyl C12H9,o-bipheny C2              C2H             C2H2,acetylene 
 C2H2,vinylidene C2H3,vinyl      C2H4            C2H4O,ethylen-o C2H5           
 C2H5OH          C2H6            C2O             C3              C3H3,1-propynl 
 C3H3,2-propynl  C3H4,allene     C3H4,cyclo-     C3H4,propyne    C3H5,allyl     
 C3H6,cyclo-     C3H6,propylene  C3H6O,acetone   C3H6O,propanal  C3H6O,propylox 
 C3H7,i-propyl   C3H7,n-propyl   C3H8            C3H8O,1propanol C3H8O,2propanol
 C3O2            C4              C4H10,isobutane C4H10,n-butane  C4H2,butadiyne 
 C4H4,1,3-cyclo- C4H6,1butyne    C4H6,2butyne    C4H6,butadiene  C4H6,cyclo-    
 C4H8,1-butene   C4H8,cis2-buten C4H8,cyclo-     C4H8,isobutene  C4H8,tr2-butene
 C4H9,i-butyl    C4H9,n-butyl    C4H9,s-butyl    C4H9,t-butyl    C5             
 C5H10,1-pentene C5H10,cyclo-    C5H11,pentyl    C5H11,t-pentyl  C5H12,i-pentane
 C5H12,n-pentane C5H6,1,3cyclo-  C5H8,cyclo-     C6H10,cyclo-    C6H12,1-hexene 
 C6H12,cyclo-    C6H13,n-hexyl   C6H14,n-hexane  C6H2            C6H5,phenyl    
 C6H5O,phenoxy   C6H5OH,phenol   C6H6            C7H14,1-heptene C7H15,n-heptyl 
 C7H16,2-methylh C7H16,n-heptane C7H7,benzyl     C7H8            C7H8O,cresol-mx
 C8H10,ethylbenz C8H16,1-octene  C8H17,n-octyl   C8H18,isooctane C8H18,n-octane 
 C8H8,styrene    C9H19,n-nonyl   CH              CH2             CH2CO,ketene   
 CH2OH           CH3             CH3C(CH3)2CH3   CH3CHO,ethanal  CH3CO,acetyl   
 CH3COOH         CH3O            CH3O2CH3        CH3OCH3         CH3OH          
 CH3OOH          CH4             HCCO            HO(CO)2OH       O(CH)2O        
 OHCH2COOH       C(gr)           H2O(L)          H2O(cr)        

NOTE. WEIGHT FRACTION OF FUEL IN TOTAL FUELS AND OF OXIDANT IN TOTAL OXIDANTS

