
 problem rocket equilibrium
   p,bar=53.50294458
   o/f=3.10513067
   supar=30.0
 reactant
   fuel CH4(L) wt%=100 t(k)=111.66
   oxid O2(L) wt%=100 t(k)=90.17
 output massf trace=1e-8 transport
 end

THEORETICAL ROCKET PERFORMANCE ASSUMING EQUILIBRIUM
COMPOSITION DURING EXPANSION FROM INFINITE AREA COMBUSTOR
 
Pc =  53.50 bar
 
supar =    30.0000
 
 
            REACTANT     MOLES    ENERGY      TEMP
                                  KJ/MOL         K
     CH4(L)            100.000  -89233.000    111.66
     O2(L)             100.000  -12979.000     90.17
 
O/F =    3.10513    % Fuel =  24.35976    r, Eq. Ratio =  1.28473    phi, Eq. Ratio =  1.28473
 

                        CHAMBER       THROAT         EXIT
 Pinf/P                  1.0000       1.7310      298.759
 P, bar                 53.5029      30.9091       0.1791
 T, K                   3468.66      3290.09      1651.35
 Density, kg/m^3      0.3847E+1    0.2371E+1    0.2863E-1
 H, kJ/kg             -1661.767    -2400.638    -7293.733
 U, kJ/kg             -3052.660    -3704.054    -7919.223
 G, kJ/kg             -45336.44    -43826.79    -28086.21
 S, kJ/kg-K              12.591       12.591       12.591
 
 M, (1/n)               20.7351      20.9875      21.9511
 (dln(V)/dln(P))t       -1.0304      -1.0247      -1.0000
 (dln(V)/dln(T))p        1.5533       1.4752       1.0008
 Cp, kJ/(kg-K)           6.4753       6.0421       2.2042
 Gamma_s                 1.1351       1.1337       1.2079
 Son. Vel., m/s         1256.49      1215.62       869.20
 Mach                    0.0000       1.0000       3.8612
 
 TRANSPORT PROPERTIES (GASES ONLY)
    CONDUCTIVITY IN UNITS OF MILLIWATTS/(CM)(K)
 
  Visc, Millipois        1.0982       1.0602       0.6508
 
 WITH EQUILIBRIUM REACTIONS
  Cp, kJ/(kg-K)          6.4753       6.0421       2.2042
  Conductivity          13.7061      12.2249       2.0855
  Prandtl Number         0.5188       0.5240       0.6878
 
 WITH FROZEN REACTIONS
  Cp, kJ/(kg-K)          2.3960       2.3823       2.1131
  Conductivity           3.9603       3.7709       1.9693
  Prandtl Number         0.6644       0.6698       0.6983
 
 
 PERFORMANCE PARAMETERS
 
 Ae/At                                1.0000      30.0000
 C*, m/s                             1855.99      1855.99
 Cf                                   0.6550       1.8083
 Ivac, m/s                           2287.84      3542.55
 Isp, m/s                            1215.62      3356.18
 
MASS FRACTIONS
 
 CO                    0.280250     0.271214     0.197062
 CO2                   0.227878     0.242100     0.358641
 COOH                  2.358E-5     1.347E-5     2.691E-9
 H                     0.001226     0.001021     3.757E-6
 H2                    0.010922     0.010551     0.012951
 H2O                   0.415858     0.425640     0.431330
 H2O2                  1.889E-5     1.030E-5     1.68E-11
 HCHO,formaldehy       7.597E-7     4.116E-7     2.306E-9
 HCO                   1.966E-5     1.072E-5     2.737E-9
 HCOOH                 4.544E-6     2.601E-6     1.389E-8
 HO2                   8.974E-5     4.921E-5     4.20E-12
 O                     0.004898     0.003405     4.744E-9
 O2                    0.016076     0.011952     1.601E-8
 O3                    6.336E-8     2.201E-8     0.000000
 OH                    0.042734     0.034030     1.243E-5

PRODUCTS WHICH WERE CONSIDERED BUT WHOSE MASS FRACTIONS
WERE LESS THAN 1.000000E-08 FOR ALL ASSIGNED CONDITIONS

 (CH3COOH)2      (HCOOH)2        C               C10H21,n-decyl  C10H8,naphthale
 C12H10,biphenyl C12H9,o-bipheny C2              C2H             C2H2,acetylene 
 C2H2,vinylidene C2H3,vinyl      C2H4            C2H4O,ethylen-o C2H5           
 C2H5OH          C2H6            C2O             C3              C3H3,1-propynl 
 C3H3,2-propynl  C3H4,allene     C3H4,cyclo-     C3H4,propyne    C3H5,allyl     
 C3H6,cyclo-     C3H6,propylene  C3H6O,acetone   C3H6O,propanal  C3H6O,propylox 
 C3H7,i-propyl   C3H7,n-propyl   C3H8            C3H8O,1propanol C3H8O,2propanol
 C3O2            C4              C4H10,isobutane C4H10,n-butane  C4H2,butadiyne 
 C4H4,1,3-cyclo- C4H6,1butyne    C4H6,2butyne    C4H6,butadiene  C4H6,cyclo-    
 C4H8,1-butene   C4H8,cis2-buten C4H8,cyclo-     C4H8,isobutene  C4H8,tr2-butene
 C4H9,i-butyl    C4H9,n-butyl    C4H9,s-butyl    C4H9,t-butyl    C5             
 C5H10,1-pentene C5H10,cyclo-    C5H11,pentyl    C5H11,t-pentyl  C5H12,i-pentane
 C5H12,n-pentane C5H6,1,3cyclo-  C5H8,cyclo-     C6H10,cyclo-    C6H12,1-hexene 
 C6H12,cyclo-    C6H13,n-hexyl   C6H14,n-hexane  C6H2            C6H5,phenyl    
 C6H5O,phenoxy   C6H5OH,phenol   C6H6            C7H14,1-heptene C7H15,n-heptyl 
 C7H16,2-methylh C7H16,n-heptane C7H7,benzyl     C7H8            C7H8O,cresol-mx
 C8H10,ethylbenz C8H16,1-octene  C8H17,n-octyl   C8H18,isooctane C8H18,n-octane 
 C8H8,styrene    C9H19,n-nonyl   CH              CH2             CH2CO,ketene   
 CH2OH           CH3             CH3C(CH3)2CH3   CH3CHO,ethanal  CH3CO,acetyl   
 CH3COOH         CH3O            CH3O2CH3        CH3OCH3         CH3OH          
 CH3OOH          CH4             HCCO            HO(CO)2OH       O(CH)2O        
 OHCH2COOH       C(gr)           H2O(L)          H2O(cr)        

NOTE. WEIGHT FRACTION OF FUEL IN TOTAL FUELS AND OF OXIDANT IN TOTAL OXIDANTS

