
 problem rocket equilibrium
   p,bar=39.32227847
   o/f=3.10526435
   supar=30.0
 reactant
   fuel CH4(L) wt%=100 t(k)=111.66
   oxid O2(L) wt%=100 t(k)=90.17
 output massf trace=1e-8 transport
 end

THEORETICAL ROCKET PERFORMANCE ASSUMING EQUILIBRIUM
COMPOSITION DURING EXPANSION FROM INFINITE AREA COMBUSTOR
 
Pc =  39.32 bar
 
supar =    30.0000
 
 
            REACTANT     MOLES    ENERGY      TEMP
                                  KJ/MOL         K
     CH4(L)            100.000  -89233.000    111.66
     O2(L)             100.000  -12979.000     90.17
 
O/F =    3.10526    % Fuel =  24.35897    r, Eq. Ratio =  1.28468    phi, Eq. Ratio =  1.28468
 

                        CHAMBER       THROAT         EXIT
 Pinf/P                  1.0000       1.7297      296.001
 P, bar                 39.3223      22.7337       0.1328
 T, K                   3431.91      3259.32      1659.32
 Density, kg/m^3      0.2847E+1    0.1755E+1    0.2114E-1
 H, kJ/kg             -1661.726    -2394.685    -7276.233
 U, kJ/kg             -3042.738    -3690.039    -7904.728
 G, kJ/kg             -45297.68    -43836.10    -28374.04
 S, kJ/kg-K              12.715       12.715       12.715
 
 M, (1/n)               20.6622      20.9206      21.9515
 (dln(V)/dln(P))t       -1.0322      -1.0264      -1.0000
 (dln(V)/dln(T))p        1.5907       1.5118       1.0010
 Cp, kJ/(kg-K)           6.8002       6.3616       2.2080
 Gamma_s                 1.1332       1.1317       1.2075
 Son. Vel., m/s         1250.99      1210.75       871.17
 Mach                    0.0000       1.0000       3.8465
 
 TRANSPORT PROPERTIES (GASES ONLY)
    CONDUCTIVITY IN UNITS OF MILLIWATTS/(CM)(K)
 
  Visc, Millipois        1.0892       1.0525       0.6531
 
 WITH EQUILIBRIUM REACTIONS
  Cp, kJ/(kg-K)          6.8002       6.3616       2.2080
  Conductivity          14.4385      12.9223       2.1015
  Prandtl Number         0.5130       0.5181       0.6861
 
 WITH FROZEN REACTIONS
  Cp, kJ/(kg-K)          2.3928       2.3793       2.1154
  Conductivity           3.9292       3.7442       1.9782
  Prandtl Number         0.6633       0.6688       0.6984
 
 
 PERFORMANCE PARAMETERS
 
 Ae/At                                1.0000      30.0000
 C*, m/s                             1850.56      1850.56
 Cf                                   0.6543       1.8108
 Ivac, m/s                           2280.63      3538.53
 Isp, m/s                            1210.75      3350.97
 
MASS FRACTIONS
 
 CO                    0.281519     0.272363     0.197642
 CO2                   0.225873     0.240280     0.357708
 COOH                  1.884E-5     1.083E-5     2.455E-9
 H                     0.001324     0.001108     4.711E-6
 H2                    0.011065     0.010678     0.012903
 H2O                   0.412864     0.422895     0.431726
 H2O2                  1.605E-5     8.856E-6     1.92E-11
 HCHO,formaldehy       5.651E-7     3.062E-7     1.707E-9
 HCO                   1.607E-5     8.796E-6     2.488E-9
 HCOOH                 3.311E-6     1.899E-6     1.030E-8
 HO2                   8.375E-5     4.667E-5     5.86E-12
 O                     0.005426     0.003825     7.667E-9
 O2                    0.017482     0.013202     2.595E-8
 O3                    5.739E-8     2.057E-8     1.83E-20
 OH                    0.044309     0.035571     1.599E-5

PRODUCTS WHICH WERE CONSIDERED BUT WHOSE MASS FRACTIONS
WERE LESS THAN 1.000000E-08 FOR ALL ASSIGNED CONDITIONS

 (CH3COOH)2      (HCOOH)2        C               C10H21,n-decyl  C10H8,naphthale
 C12H10,biphenyl C12H9,o-bipheny C2              C2H             C2H2,acetylene 
 C2H2,vinylidene C2H3,vinyl      C2H4            C2H4O,ethylen-o C2H5           
 C2H5OH          C2H6            C2O             C3              C3H3,1-propynl 
 C3H3,2-propynl  C3H4,allene     C3H4,cyclo-     C3H4,propyne    C3H5,allyl     
 C3H6,cyclo-     C3H6,propylene  C3H6O,acetone   C3H6O,propanal  C3H6O,propylox 
 C3H7,i-propyl   C3H7,n-propyl   C3H8            C3H8O,1propanol C3H8O,2propanol
 C3O2            C4              C4H10,isobutane C4H10,n-butane  C4H2,butadiyne 
 C4H4,1,3-cyclo- C4H6,1butyne    C4H6,2butyne    C4H6,butadiene  C4H6,cyclo-    
 C4H8,1-butene   C4H8,cis2-buten C4H8,cyclo-     C4H8,isobutene  C4H8,tr2-butene
 C4H9,i-butyl    C4H9,n-butyl    C4H9,s-butyl    C4H9,t-butyl    C5             
 C5H10,1-pentene C5H10,cyclo-    C5H11,pentyl    C5H11,t-pentyl  C5H12,i-pentane
 C5H12,n-pentane C5H6,1,3cyclo-  C5H8,cyclo-     C6H10,cyclo-    C6H12,1-hexene 
 C6H12,cyclo-    C6H13,n-hexyl   C6H14,n-hexane  C6H2            C6H5,phenyl    
 C6H5O,phenoxy   C6H5OH,phenol   C6H6            C7H14,1-heptene C7H15,n-heptyl 
 C7H16,2-methylh C7H16,n-heptane C7H7,benzyl     C7H8            C7H8O,cresol-mx
 C8H10,ethylbenz C8H16,1-octene  C8H17,n-octyl   C8H18,isooctane C8H18,n-octane 
 C8H8,styrene    C9H19,n-nonyl   CH              CH2             CH2CO,ketene   
 CH2OH           CH3             CH3C(CH3)2CH3   CH3CHO,ethanal  CH3CO,acetyl   
 CH3COOH         CH3O            CH3O2CH3        CH3OCH3         CH3OH          
 CH3OOH          CH4             HCCO            HO(CO)2OH       O(CH)2O        
 OHCH2COOH       C(gr)           H2O(L)          H2O(cr)        

NOTE. WEIGHT FRACTION OF FUEL IN TOTAL FUELS AND OF OXIDANT IN TOTAL OXIDANTS

